warning: TIDEPOOL_EXTRACT='/home/inanna/dev/tidepool/target/debug/tidepool-extract' is older than tidepool-extract-cmd sources — continuing (TIDEPOOL_ALLOW_STALE_EXTRACT=1)
TIDEPOOL_EXTRACT=/home/inanna/dev/tidepool/target/debug/tidepool-extract
==> reusing already-running compile daemon at /tmp/tidepool-dev-shell.J6COm8/nix-shell.v72XOu/tidepool-extract-daemon.ffQ7D6/extract.sock (outer wrapper owns its lifecycle)
   Compiling aws-lc-sys v0.44.0
warning: tidepool-codegen@0.1.0: csrc/prepared_md5/md5.c: In function '__hsbase_MD5Update':
warning: tidepool-codegen@0.1.0: csrc/prepared_md5/md5.c:75:19: warning: comparison of integer expressions of different signedness: 'unsigned int' and 'int' [-Wsign-compare]
warning: tidepool-codegen@0.1.0:    75 |   if ((unsigned)t > len) {
warning: tidepool-codegen@0.1.0:       |                   ^
   Compiling exomonad-actor v0.1.0 (/home/inanna/dev/tidepool-recursive-forks/exomonad/actor)
   Compiling aws-lc-rs v1.18.0
   Compiling rustls v0.23.43
   Compiling rustls-webpki v0.103.14
   Compiling tokio-rustls v0.26.4
   Compiling rustls-platform-verifier v0.7.0
   Compiling ureq v2.12.1
   Compiling hyper-rustls v0.27.9
   Compiling reqwest v0.13.4
   Compiling exomonad-agent v0.1.0 (/home/inanna/dev/tidepool-recursive-forks/exomonad/agent)
   Compiling genai v0.6.5
   Compiling tidepool-handlers v0.1.0 (/home/inanna/dev/tidepool-recursive-forks/bridge/handlers)
   Compiling tidepool v0.1.0 (/home/inanna/dev/tidepool-recursive-forks/bridge/facade)
    Finished `test` profile [unoptimized] target(s) in 26.05s
────────────
 Nextest run ID 406e0b05-8662-4f8f-8bf1-094aae5af609 with nextest profile: battery
    Starting 7 tests across 1 binary (535 tests skipped)
────────────
     Summary [   0.050s] 7 tests run: 7 passed, 535 skipped
