actor ActorRef { id: ActorId(0), incarnation: Incarnation(1) } workbench input unit 3 of 4 failed: resident workbench execution failed: prepared engine: prepared execution failed: observation budget 100000 exhausted
defined auditSemanticModule at generation 17
[bound semanticModulePaths]


operation exec-431aae6f2262240f122af18a98aba8f7:3:1 Committed (command job)
operation exec-431aae6f2262240f122af18a98aba8f7:3:2 Committed (command job)
operation exec-431aae6f2262240f122af18a98aba8f7:3:3 Committed (command job)
operation exec-431aae6f2262240f122af18a98aba8f7:3:4 Committed (jev)
operation exec-431aae6f2262240f122af18a98aba8f7:3:5 Committed (command job)
operation exec-431aae6f2262240f122af18a98aba8f7:3:6 Committed (command job)
operation exec-431aae6f2262240f122af18a98aba8f7:3:7 Committed (command job)
operation exec-431aae6f2262240f122af18a98aba8f7:3:8 Committed (jev)
operation exec-431aae6f2262240f122af18a98aba8f7:3:9 Committed (command job)
operation exec-431aae6f2262240f122af18a98aba8f7:3:10 Committed (command job)
operation exec-431aae6f2262240f122af18a98aba8f7:3:11 Committed (command job)
operation exec-431aae6f2262240f122af18a98aba8f7:3:12 Committed (jev)
operation exec-431aae6f2262240f122af18a98aba8f7:3:13 Committed (command job)
operation exec-431aae6f2262240f122af18a98aba8f7:3:14 Committed (command job)
operation exec-431aae6f2262240f122af18a98aba8f7:3:15 Committed (command job)
operation exec-431aae6f2262240f122af18a98aba8f7:3:16 Committed (jev)
operation exec-431aae6f2262240f122af18a98aba8f7:3:17 Committed (command job)
operation exec-431aae6f2262240f122af18a98aba8f7:3:18 Committed (command job)
operation exec-431aae6f2262240f122af18a98aba8f7:3:19 Committed (command job)
operation exec-431aae6f2262240f122af18a98aba8f7:3:20 Committed (jev)
operation exec-431aae6f2262240f122af18a98aba8f7:3:21 Committed (command job)
operation exec-431aae6f2262240f122af18a98aba8f7:3:22 Committed (command job)
operation exec-431aae6f2262240f122af18a98aba8f7:3:23 Committed (command job)
operation exec-431aae6f2262240f122af18a98aba8f7:3:24 Committed (jev)
operation exec-431aae6f2262240f122af18a98aba8f7:3:25 Committed (command job)
operation exec-431aae6f2262240f122af18a98aba8f7:3:26 Committed (command job)
operation exec-431aae6f2262240f122af18a98aba8f7:3:27 Committed (command job)
operation exec-431aae6f2262240f122af18a98aba8f7:3:28 Committed (jev)
operation exec-431aae6f2262240f122af18a98aba8f7:3:29 Committed (command job)
operation exec-431aae6f2262240f122af18a98aba8f7:3:30 Committed (command job)
operation exec-431aae6f2262240f122af18a98aba8f7:3:31 Committed (command job)
operation exec-431aae6f2262240f122af18a98aba8f7:3:32 Committed (jev)
operation exec-431aae6f2262240f122af18a98aba8f7:3:33 Committed (command job)
operation exec-431aae6f2262240f122af18a98aba8f7:3:34 Committed (command job)
operation exec-431aae6f2262240f122af18a98aba8f7:3:35 Committed (command job)
operation exec-431aae6f2262240f122af18a98aba8f7:3:36 Committed (jev)
operation exec-431aae6f2262240f122af18a98aba8f7:3:37 Committed (command job)
operation exec-431aae6f2262240f122af18a98aba8f7:3:38 Committed (command job)
operation exec-431aae6f2262240f122af18a98aba8f7:3:39 Committed (command job)
operation exec-431aae6f2262240f122af18a98aba8f7:3:40 Committed (command job)
operation exec-431aae6f2262240f122af18a98aba8f7:3:41 Committed (command job)
operation exec-431aae6f2262240f122af18a98aba8f7:3:42 Committed (command job)
operation exec-431aae6f2262240f122af18a98aba8f7:3:43 Committed (command job)
operation exec-431aae6f2262240f122af18a98aba8f7:3:44 Committed (command job)
operation exec-431aae6f2262240f122af18a98aba8f7:3:45 Committed (command job)

